17/10/23 Class 3 of Linux

---------------------------------------------------------------------------------------------------------------------------------------------

sysadmin@localhost:~$ man ls                                                    
sysadmin@localhost:~$                                                           
sysadmin@localhost:~$ ls --author                                               
Desktop  Documents  Downloads  Music  Pictures  Public  Templates  Videos       
sysadmin@localhost:~$ ls -a                                                     
.             .bashrc   .selected_editor           Documents  Pictures   Videos 
..            .cache    .sudo_as_admin_successful  Downloads  Public            
.bash_logout  .profile  Desktop                    Music      Templates         
sysadmin@localhost:~$ ls -C                                                     
Desktop  Documents  Downloads  Music  Pictures  Public  Templates  Videos       
sysadmin@localhost:~$ ls -c                                                     
Desktop  Documents  Downloads  Music  Pictures  Public  Templates  Videos       
sysadmin@localhost:~$ ls -l                                                     
total 32                                                                        
drwxr-xr-x 2 sysadmin sysadmin 4096 Feb  8  2021 Desktop                        
drwxr-xr-x 4 sysadmin sysadmin 4096 Feb  8  2021 Documents                      
drwxr-xr-x 2 sysadmin sysadmin 4096 Feb  8  2021 Downloads                      
drwxr-xr-x 2 sysadmin sysadmin 4096 Feb  8  2021 Music                          
drwxr-xr-x 2 sysadmin sysadmin 4096 Feb  8  2021 Pictures                       
drwxr-xr-x 2 sysadmin sysadmin 4096 Feb  8  2021 Public                         
drwxr-xr-x 2 sysadmin sysadmin 4096 Feb  8  2021 Templates                      
drwxr-xr-x 2 sysadmin sysadmin 4096 Feb  8  2021 Videos

sysadmin@localhost:~$ ls                                                        
Desktop  Documents  Downloads  Music  Pictures  Public  Templates  Videos       
sysadmin@localhost:~$ cat>hello                                                 
hello world                                                                     
^C                                                                              
sysadmin@localhost:~$ cat>college.txt                                           
rom rom bhaiyo                                                                  
system faad denge                                                               
sysadmin@localhost:~$ ls                                                        
Desktop    Downloads  Pictures  Templates  college.txt                          
Documents  Music      Public    Videos     hello                                
sysadmin@localhost:~$ cat hello                                                 
hello world                                                                     
sysadmin@localhost:~$ cat college.txt                                           
rom rom bhaiyo                                                                  
system faad denge                                                               
sysadmin@localhost:~$ cat>ABC.txt                                               
hello                                                                           
sysadmin@localhost:~$ cat>college.txt                                           
overdrive accelerate                                                            
get in gear^C^C                   
sysadmin@localhost:~$ ls                                                        
Desktop  Documents  Downloads  Music  Pictures  Public  Templates  Videos       
sysadmin@localhost:~$ cat>hello                                                 
hello world                                                                     
^C                                                                              
sysadmin@localhost:~$ cat>college.txt                                           
rom rom bhaiyo                                                                  
system faad denge                                                               
sysadmin@localhost:~$ ls                                                        
Desktop    Downloads  Pictures  Templates  college.txt                          
Documents  Music      Public    Videos     hello                                
sysadmin@localhost:~$ cat hello                                                 
hello world                                                                     
sysadmin@localhost:~$ cat college.txt                                           
rom rom bhaiyo                                                                  
system faad denge                                                               
sysadmin@localhost:~$ cat>ABC.txt                                               
hello                                                                           
sysadmin@localhost:~$ cat>college.txt                                           
overdrive accelerate                                                            
get in gear^C^C                   
sysadmin@localhost:~$ cat college.txt                                           
overdrive accelerate

sysadmin@localhost:~$ ls                                                        
ABC.txt  Documents  Music     Public     Videos       hello                     
Desktop  Downloads  Pictures  Templates  college.txt                            
sysadmin@localhost:~$ cat hello                                                 
hello world                                                                     
sysadmin@localhost:~$ cat>hello                                                 
global garba                                                                    
sysadmin@localhost:~$ cat hello                                                 
global garba                                                                    
sysadmin@localhost:~$ cat>>hello                                                
                                                                                
aee hallo..                                                                     
sysadmin@localhost:~$ cat hello                                                 
global garba                                                                    
                                                                                
aee hallo..                                                                     


sysadmin@localhost:~$ ls                                                        
ABC.txt  Documents  Music     Public     Videos       hello                     
Desktop  Downloads  Pictures  Templates  college.txt                            
sysadmin@localhost:~$ mkdir College                                             
sysadmin@localhost:~$ ls                                                        
ABC.txt  Desktop    Downloads  Pictures  Templates  college.txt                 
College  Documents  Music      Public    Videos     hello                       
sysadmin@localhost:~$ cp college.txt college                                    
sysadmin@localhost:~$ ls college                                                
college                                                                         
sysadmin@localhost:~$ ls                                                        
ABC.txt  Desktop    Downloads  Pictures  Templates  college      hello          
College  Documents  Music      Public    Videos     college.txt                 
sysadmin@localhost:~$ cp college.txt College                                    
sysadmin@localhost:~$ ls College                                                
college.txt                                                                     
sysadmin@localhost:~$ cp ABC.txt college.txt hello Global                       
cp: target 'Global' is not a directory                                          
sysadmin@localhost:~$ mkdir Global                                              
sysadmin@localhost:~$ cp ABC.txt college.txt hello Global                       
sysadmin@localhost:~$ ls Global                                                 
ABC.txt  college.txt  hello   

sysadmin@localhost:~$ ls                                                        
ABC.txt  Desktop    Downloads  Music     Public     Videos   college.txt        
College  Documents  Global     Pictures  Templates  college  hello              
sysadmin@localhost:~$                                                           
sysadmin@localhost:~$ cp D1 College                                             
cp: cannot stat 'D1': No such file or directory                                 
sysadmin@localhost:~$                                                           
sysadmin@localhost:~$ mkdi D1                                                   
                                                                                
Command 'mkdi' not found, did you mean:                                         
                                                                                
  command 'mkdir' from deb coreutils                                            
  command 'mkdic' from deb canna-utils                                          
  command 'mkid' from deb id-utils                                              
                                                                                
Try: sudo apt install <deb name>                                                
                                                                                
sysadmin@localhost:~$ mkdir D1                                                  
sysadmin@localhost:~$ cp D1 College                                             
cp: -r not specified; omitting directory 'D1'                                   
sysadmin@localhost:~$ cp -r D1 College                                          
sysadmin@localhost:~$ ls College                                                
D1  college.txt      

sysadmin@localhost:~$ ls                                                        
Desktop  Documents  Downloads  Music  Pictures  Public  Templates  Videos       
sysadmin@localhost:~$ cat>hello                                                 
sysadmin@localhost:~$ ls                                                        
sysadmin@localhost:~$ ls                                                        
ABC.txt  D1       Documents  Global  Pictures  Templates  college      hello    
College  Desktop  Downloads  Music   Public    Videos     college.txt           
sysadmin@localhost:~$ mv college.txt Global                                     
sysadmin@localhost:~$ ls                                                        
ABC.txt  D1       Documents  Global  Pictures  Templates  college               
College  Desktop  Downloads  Music   Public    Videos     hello                 
sysadmin@localhost:~$ ls Global                                                 
ABC.txt  college.txt  hello                                                     
sysadmin@localhost:~$ ls                                                        
ABC.txt  D1       Documents  Global  Pictures  Templates  college               
College  Desktop  Downloads  Music   Public    Videos     hello                 
sysadmin@localhost:~$ mv ABC.txt Global.txt

sysadmin@localhost:~$ ls                                                        
College  Desktop    Downloads  Global.txt  Pictures  Templates  college         
D1       Documents  Global     Music       Public    Videos     hello                                               
sysadmin@localhost:~$ mv Global.txt COLLEGE

sysadmin@localhost:~$ ls College                                                
D1  college.txt     

sysadmin@localhost:~$ ls                                                        
CAOLLEGE  D1       Documents  Global  Pictures  Templates  college              
College   Desktop  Downloads  Music   Public    Videos     hello                
sysadmin@localhost:~$ file hello                                                
hello: ASCII text                                                               
sysadmin@localhost:~$ file Global                                               
Global: directory                                                               
sysadmin@localhost:~$ cat>MyFile                                                
Hello World                                                                     
Hello Global                                                                    
Hello Jabalpur                                                                  
sysadmin@localhost:~$ wc MyFile                                                 
 3  6 40 MyFile                                                                 
sysadmin@localhost:~$ wc -l MyFile                                              
3 MyFile                                                                        
sysadmin@localhost:~$ wc -w MyFile                                              
6 MyFile                                                                        
sysadmin@localhost:~$ wc -c MyFile                                              
40 MyFile                                                                       
sysadmin@localhost:~$ man wc                                                    
sysadmin@localhost:~$ wc -m MyFile                                              
40 MyFile                    

sysadmin@localhost:~$ cat>File1.txt                                             
Hello World                                                                     
^C                                                                              
sysadmin@localhost:~$ cat>File2.txt                                             
Hello MKC                                                                       
sysadmin@localhost:~$ cat>File3.txt                                             
Global Mahotsav                                                                 
sysadmin@localhost:~$ cmp File1.txt                                             
cmp: EOF on - which is empty                                                    
sysadmin@localhost:~$ cmp File1.txt File2.txt                                   
File1.txt File2.txt differ: char 7, line 1                                      
sysadmin@localhost:~$ cat File1.txt                                             
Hello World                                                                     
sysadmin@localhost:~$ cat>>File2.txt                                            
Hello World                                                                     
sysadmin@localhost:~$ cmp File1.txt File2.txt                                   
File1.txt File2.txt differ: char 7, line 1                                      
sysadmin@localhost:~$ cat File2.txt                                             
Hello MKC                                                                       
Hello World             
sysadmin@localhost:~$ cat>File2.txt                                             
Hello World                                                                     
sysadmin@localhost:~$ cmp File1.txt File2.txt                                   
sysadmin@localhost:~$ cmp File1.txt File3.txt                                   
File1.txt File3.txt differ: char 1, line 1   

sysadmin@localhost:~$ cat>File4.txt                                             
Jai Mata Di                                                                     
^Fsysadmin@localhost:~$ cmp File1.txt File4.txt                                 
File1.txt File4.txt differ: char 1, line 1                                      

sysadmin@localhost:~$ cat>Name1.txt                                             
Amit                                                                            
Ankit                                                                           
Bhupendra                                                                       
Chaitanya                                                                       
Esha                                                                            
sysadmin@localhost:~$ cat>Name2.txt                                             
Anika                                                                           
Ankit                                                                           
Esha                                                                            
Samir                                                                           
Tarun                                                                           
sysadmin@localhost:~$ comm Name1.txt Name2.txt                                  
Amit                                                                            
        Anika                                                                   
                Ankit                                                           
Bhupendra                                                                       
Chaitanya                                                                       
                Esha                                                            
        Samir                                                                   
        Tarun          

comm -1 -2 Name1.txt Name2.txt                            
Ankit                                                                           
Esha     

sysadmin@localhost:~$ sort Name3.txt>Name3.txt                                  
sysadmin@localhost:~$ cat Name3.txt                                             
sysadmin@localhost:~$ ls                                                        
CAOLLEGE  Documents  File3.txt  MyFile     Pictures   college                   
College   Downloads  File4.txt  Name1.txt  Public     hello                     
D1        File1.txt  Global     Name2.txt  Templates                            
Desktop   File2.txt  Music      Name3.txt  Videos                               
sysadmin@localhost:~$ ls CAOLLEGE                                               
CAOLLEGE                                                                        
sysadmin@localhost:~$ cat Name3.txt                                             
sysadmin@localhost:~$ cat>Name3.txt                                             
Amit                                                                            
Aadrika                                                                         
Samir                                                                           
Bhupendra                                                                       
sysadmin@localhost:~$ sort Name3.txt                                            
Aadrika                                                                         
Amit                                                                            
Bhupendra                                                                       
Samir                                                                           
sysadmin@localhost:~$ sort Name3.txt>SortedFile.txt
sysadmin@localhost:~$ cat SortedFile.txt                                        
Aadrika                                                                         
Amit                                                                            
Bhupendra                                                                       
Samir     
sysadmin@localhost:~$ cat Name3.txt                                             
Amit                                                                            
Aadrika                                                                         
Samir                                                                           
Bhupendra                                                                       
sysadmin@localhost:~$ sort Name3.txt>Sorted1.txt                                
sysadmin@localhost:~$ cat Sorted1.txt                                           
Aadrika                                                                         
Amit                                                                            
Bhupendra                                                                       
Samir                                                                           
sysadmin@localhost:~$ gzip File1.txt File2.txt File3.txt 

sysadmin@localhost:~$ ls                                                        
CAOLLEGE  Documents     File3.txt.gz  MyFile     Pictures        Templates      
College   Downloads     File4.txt     Name1.txt  Public          Videos         
D1        File1.txt.gz  Global        Name2.txt  Sorted1.txt     college        
Desktop   File2.txt.gz  Music         Name3.txt  SortedFile.txt  hello          
sysadmin@localhost:~$ rm Name1.txt                                              
sysadmin@localhost:~$ rm -i Name2.txt                                           
rm: remove regular file 'Name2.txt'? y                                          
sysadmin@localhost:~$ ls F*                                                     
File1.txt.gz  File2.txt.gz  File3.txt.gz  File4.txt                             
sysadmin@localhost:~$ ls *.txt                                                  
File4.txt  Name3.txt  Sorted1.txt  SortedFile.txt                               
sysadmin@localhost:~$ ls *File*                                                 
File1.txt.gz  File2.txt.gz  File3.txt.gz  File4.txt  MyFile  SortedFile.txt     

sysadmin@localhost:~$ ls M?????                                                 
MyFile                                                                          
sysadmin@localhost:~$ touch File1 File2 File3 File4                             
sysadmin@localhost:~$ ls                                                        
CAOLLEGE   Downloads     File3         Music      Sorted1.txt     hello         
College    File1         File3.txt.gz  MyFile     SortedFile.txt                
D1         File1.txt.gz  File4         Name3.txt  Templates                     
Desktop    File2         File4.txt     Pictures   Videos                        
Documents  File2.txt.gz  Global        Public     college                       
sysadmin@localhost:~$ ls F????                                                  
File1  File2  File3  File4                                                      

sysadmin@localhost:~$ ls -l                                                     
total 88                                                                        
-rw-rw-r-- 1 sysadmin sysadmin    6 Oct 17 04:41 CAOLLEGE                       
drwxrwxr-x 3 sysadmin sysadmin 4096 Oct 17 04:56 College                        
drwxrwxr-x 2 sysadmin sysadmin 4096 Oct 17 04:56 D1                             
drwxr-xr-x 2 sysadmin sysadmin 4096 Feb  8  2021 Desktop                        
drwxr-xr-x 4 sysadmin sysadmin 4096 Feb  8  2021 Documents                      
drwxr-xr-x 2 sysadmin sysadmin 4096 Feb  8  2021 Downloads                      
-rw-rw-r-- 1 sysadmin sysadmin    0 Oct 17 05:55 File1                          
-rw-rw-r-- 1 sysadmin sysadmin   42 Oct 17 05:16 File1.txt.gz                   
-rw-rw-r-- 1 sysadmin sysadmin    0 Oct 17 05:55 File2                          
-rw-rw-r-- 1 sysadmin sysadmin   42 Oct 17 05:20 File2.txt.gz                   
-rw-rw-r-- 1 sysadmin sysadmin    0 Oct 17 05:55 File3                          
-rw-rw-r-- 1 sysadmin sysadmin   46 Oct 17 05:17 File3.txt.gz                   
-rw-rw-r-- 1 sysadmin sysadmin    0 Oct 17 05:55 File4                          
-rw-rw-r-- 1 sysadmin sysadmin   13 Oct 17 05:22 File4.txt                      
drwxrwxr-x 2 sysadmin sysadmin 4096 Oct 17 04:58 Global                         
drwxr-xr-x 2 sysadmin sysadmin 4096 Feb  8  2021 Music                          
-rw-rw-r-- 1 sysadmin sysadmin   40 Oct 17 05:09 MyFile                         
-rw-rw-r-- 1 sysadmin sysadmin   29 Oct 17 05:38 Name3.txt                      
drwxr-xr-x 2 sysadmin sysadmin 4096 Feb  8  2021 Pictures                       
drwxr-xr-x 2 sysadmin sysadmin 4096 Feb  8  2021 Public                         
-rw-rw-r-- 1 sysadmin sysadmin   29 Oct 17 05:42 Sorted1.txt                    
-rw-rw-r-- 1 sysadmin sysadmin   29 Oct 17 05:39 SortedFile.txt                 
drwxr-xr-x 2 sysadmin sysadmin 4096 Feb  8  2021 Templates                      
drwxr-xr-x 2 sysadmin sysadmin 4096 Feb  8  2021 Videos                         
-rw-rw-r-- 1 sysadmin sysadmin   32 Oct 17 04:48 college                        
-rw-rw-r-- 1 sysadmin sysadmin   26 Oct 17 04:47 hello    


sysadmin@localhost:~$ ls -l File4.txt                                           
-rw-rw-r-- 1 sysadmin sysadmin 13 Oct 17 05:22 File4.txt                        
sysadmin@localhost:~$ chmod x+u Fil4.txt                                        
chmod: invalid mode: 'x+u'                                                      
Try 'chmod --help' for more information.                                        
sysadmin@localhost:~$ chmod u+x File4.txt                                       
sysadmin@localhost:~$ ls -l File4.txt                                           
-rwxrw-r-- 1 sysadmin sysadmin 13 Oct 17 05:22 File4.txt   
